
cost of Belgian Waffles is $5.95 with 650 calories
