python2
u'"A. Random Developer" <author@example.com>'
'u\'"A. Random Developer" <author@example.com>\''
True
