python3
u'"A. Random Developer" <author@example.com>'
False
True
